blas_info:
    libraries = ['blas']
    library_dirs = ['/usr/lib']
    language = f77
lapack_info:
    libraries = ['lapack']
    library_dirs = ['/usr/lib']
    language = f77
atlas_threads_info:
  NOT AVAILABLE
blas_opt_info:
    libraries = ['blas']
    library_dirs = ['/usr/lib']
    language = f77
    define_macros = [('NO_ATLAS_INFO', 1)]
atlas_blas_threads_info:
  NOT AVAILABLE
lapack_opt_info:
    libraries = ['lapack', 'blas']
    library_dirs = ['/usr/lib']
    language = f77
    define_macros = [('NO_ATLAS_INFO', 1)]
atlas_info:
  NOT AVAILABLE
lapack_mkl_info:
  NOT AVAILABLE
blas_mkl_info:
  NOT AVAILABLE
atlas_blas_info:
  NOT AVAILABLE
mkl_info:
  NOT AVAILABLE
None
